0.07: same double
0.11: same double
0.14: same double
0.17: same double
0.21: same double
0.22: same double
0.23: same double
0.28: same double
0.33: same double
0.34: same double
0.42: same double
0.44: same double
1.34: same double
1.93: same double
2.53: same double
3.97: same double
values differing from their literal: 0
