Ada Lovelace
Ada
dear friend
dear friend, again
Ada Lovelace
Grace
Grace Hopper
{greeting: "to whom it may concern", signature: "Ada Lovelace"}
{greeting: "dear friend, again", signature: "Grace"}
{greeting: "dear friend, again", signature: "Grace"}
{greeting: "dear friend, again", signature: "changed after the copy back"}
