a type of non stayed a plain mount
a type of nonetheless stayed a plain mount
an empty type stayed a plain mount
options of bin stayed a plain mount
options of binder stayed a plain mount
options of moved stayed a plain mount
empty options stayed a plain mount
a literal tmpfs type stayed a plain mount
